// Jest Snapshot v1, https://goo.gl/fbAQLP

exports[`Rockets Render Rockets Component 1`] = `
<div
  className="flex rockets-container"
/>
`;
